========================================
 KijaniKiosk Production Provisioning
========================================

========== Phase 1: Pre-flight Checks ==========
Running as root...PASS
Checking required commands...
PASS: getfacl found
PASS: setfacl found
PASS: ufw found
PASS: systemctl found
PASS: logrotate found

========== Phase 2: Users and Group ==========
PASS: Group 'kijanikiosk' already exists
PASS: User 'kk-api' already exists
PASS: User 'kk-payments' already exists
PASS: User 'kk-logs' already exists
PASS: Service users added to kijanikiosk group

========== Phase 3: Directories, Ownership and Permissions ==========
PASS: Directory structure verified
PASS: Ownership configured
PASS: Permissions configured
PASS: ACLs configured

========== Phase 4: Environment Files ==========
PASS: Environment files created

========== Phase 5: systemd Units ==========
PASS: kk-api.service created
PASS: kk-payments.service created
PASS: kk-logs.service created

========== Phase 6: Firewall ==========
Backing up 'user.rules' to '/etc/ufw/user.rules.20260622_000951'
Backing up 'before.rules' to '/etc/ufw/before.rules.20260622_000951'
Backing up 'after.rules' to '/etc/ufw/after.rules.20260622_000951'
Backing up 'user6.rules' to '/etc/ufw/user6.rules.20260622_000951'
Backing up 'before6.rules' to '/etc/ufw/before6.rules.20260622_000951'
Backing up 'after6.rules' to '/etc/ufw/after6.rules.20260622_000951'

Default incoming policy changed to 'deny'
(be sure to update your rules accordingly)
Default outgoing policy changed to 'allow'
(be sure to update your rules accordingly)
Rules updated
Rules updated (v6)
Rules updated
Rules updated (v6)
Rules updated
Rules updated
Rules updated
Rules updated (v6)
Firewall is active and enabled on system startup
PASS: Firewall configured

========== Phase 7: Journal Persistence ==========
PASS: Journal persistence configured
PASS: Logrotate configuration created
PASS: Logrotate verification passed

========== Phase 8: Monitoring Health Checks ==========
PASS: Health check written

========== Final Verification ==========
PASS: kk-api enabled
PASS: kk-payments enabled
PASS: kk-logs enabled
PASS: Health JSON exists
PASS: Logrotate config exists

Provisioning completed successfully.
