=====================================================
BLUE/GREEN SWITCH CYCLE LOG
=====================================================

Date:
Mon Aug 03 10:15:12 UTC 2026

-----------------------------------------------------
STEP 1: Confirm Current Version
-----------------------------------------------------

$ curl http://127.0.0.1:80/health

{
  "status":"healthy",
  "version":"v1.3.0"
}

-----------------------------------------------------
STEP 2: Current State
-----------------------------------------------------

$ cat /opt/kijanikiosk/.active-env

blue

$ cat /opt/kijanikiosk/.previous-env

green

-----------------------------------------------------
STEP 3: Switch Environment
-----------------------------------------------------

$ sudo bash /opt/kijanikiosk/scripts/switch-env.sh green

Stopping nginx...
Updating active environment...
Reloading nginx...
Health check passed.
Traffic switched successfully.

-----------------------------------------------------
STEP 4: Verify New Version
-----------------------------------------------------

$ curl http://127.0.0.1:80/health

{
  "status":"healthy",
  "version":"v1.4.0"
}

-----------------------------------------------------
STEP 5: Verify State Files
-----------------------------------------------------

.active-env

green

.previous-env

blue

-----------------------------------------------------
STEP 6: Verify nginx Configuration
-----------------------------------------------------

upstream kijanikiosk_active {
    server 127.0.0.1:3001;
}

# Active Service:
kk-api-green

=====================================================
END OF LOG
=====================================================